{
  "version": "1.5.0",
  "plugins_used": [
    {
      "name": "ArtifactoryDetector"
    },
    {
      "name": "AWSKeyDetector"
    },
    {
      "name": "AzureStorageKeyDetector"
    },
    {
      "name": "Base64HighEntropyString",
      "limit": 4.5
    },
    {
      "name": "BasicAuthDetector"
    },
    {
      "name": "CloudantDetector"
    },
    {
      "name": "DiscordBotTokenDetector"
    },
    {
      "name": "GitHubTokenDetector"
    },
    {
      "name": "GitLabTokenDetector"
    },
    {
      "name": "HexHighEntropyString",
      "limit": 3.0
    },
    {
      "name": "IbmCloudIamDetector"
    },
    {
      "name": "IbmCosHmacDetector"
    },
    {
      "name": "IPPublicDetector"
    },
    {
      "name": "JwtTokenDetector"
    },
    {
      "name": "KeywordDetector",
      "keyword_exclude": ""
    },
    {
      "name": "MailchimpDetector"
    },
    {
      "name": "NpmDetector"
    },
    {
      "name": "OpenAIDetector"
    },
    {
      "name": "PrivateKeyDetector"
    },
    {
      "name": "PypiTokenDetector"
    },
    {
      "name": "SendGridDetector"
    },
    {
      "name": "SlackDetector"
    },
    {
      "name": "SoftlayerDetector"
    },
    {
      "name": "SquareOAuthDetector"
    },
    {
      "name": "StripeDetector"
    },
    {
      "name": "TelegramBotTokenDetector"
    },
    {
      "name": "TwilioKeyDetector"
    }
  ],
  "filters_used": [
    {
      "path": "detect_secrets.filters.allowlist.is_line_allowlisted"
    },
    {
      "path": "detect_secrets.filters.common.is_ignored_due_to_verification_policies",
      "min_level": 2
    },
    {
      "path": "detect_secrets.filters.heuristic.is_indirect_reference"
    },
    {
      "path": "detect_secrets.filters.heuristic.is_likely_id_string"
    },
    {
      "path": "detect_secrets.filters.heuristic.is_lock_file"
    },
    {
      "path": "detect_secrets.filters.heuristic.is_not_alphanumeric_string"
    },
    {
      "path": "detect_secrets.filters.heuristic.is_potential_uuid"
    },
    {
      "path": "detect_secrets.filters.heuristic.is_prefixed_with_dollar_sign"
    },
    {
      "path": "detect_secrets.filters.heuristic.is_sequential_string"
    },
    {
      "path": "detect_secrets.filters.heuristic.is_swagger_file"
    },
    {
      "path": "detect_secrets.filters.heuristic.is_templated_secret"
    },
    {
      "path": "detect_secrets.filters.regex.should_exclude_file",
      "pattern": [
        "^(packages/kaos/|\\.secrets\\.baseline|expeditions/|\\.supergoal/|\\.git/|\\.venv/|_attic/)"
      ]
    }
  ],
  "results": {
    "packages/agentdex_cli/src/agentdex_cli/scripts/inject-keys.sh": [
      {
        "type": "Secret Keyword",
        "filename": "packages/agentdex_cli/src/agentdex_cli/scripts/inject-keys.sh",
        "hashed_secret": "dda243de82d0be03b6347ef41d46814f61f3cb7e",
        "is_verified": false,
        "line_number": 27
      },
      {
        "type": "Secret Keyword",
        "filename": "packages/agentdex_cli/src/agentdex_cli/scripts/inject-keys.sh",
        "hashed_secret": "49356822065b8a2fbf8a9c3fb898bbe32752a3d5",
        "is_verified": false,
        "line_number": 28
      },
      {
        "type": "Secret Keyword",
        "filename": "packages/agentdex_cli/src/agentdex_cli/scripts/inject-keys.sh",
        "hashed_secret": "77ee8c471ece6569451fbf01e6ef2fe538094a24",
        "is_verified": false,
        "line_number": 29
      },
      {
        "type": "Secret Keyword",
        "filename": "packages/agentdex_cli/src/agentdex_cli/scripts/inject-keys.sh",
        "hashed_secret": "7db6931ecddb5482abd4a96b47769387f35b0b93",
        "is_verified": false,
        "line_number": 30
      }
    ],
    "packages/agentdex_cli/tests/test_polish.py": [
      {
        "type": "Hex High Entropy String",
        "filename": "packages/agentdex_cli/tests/test_polish.py",
        "hashed_secret": "85753a3afb6bb573c052816e404e1d7d8140c970",
        "is_verified": false,
        "line_number": 96
      }
    ],
    "packages/agentdex_engine/tests/test_balancer.py": [
      {
        "type": "Hex High Entropy String",
        "filename": "packages/agentdex_engine/tests/test_balancer.py",
        "hashed_secret": "85753a3afb6bb573c052816e404e1d7d8140c970",
        "is_verified": false,
        "line_number": 18
      }
    ],
    "packages/agentdex_engine/tests/test_expedition.py": [
      {
        "type": "Hex High Entropy String",
        "filename": "packages/agentdex_engine/tests/test_expedition.py",
        "hashed_secret": "85753a3afb6bb573c052816e404e1d7d8140c970",
        "is_verified": false,
        "line_number": 56
      }
    ],
    "packages/agentdex_engine/tests/test_oracle.py": [
      {
        "type": "Hex High Entropy String",
        "filename": "packages/agentdex_engine/tests/test_oracle.py",
        "hashed_secret": "85753a3afb6bb573c052816e404e1d7d8140c970",
        "is_verified": false,
        "line_number": 35
      }
    ],
    "packages/agentdex_observe/src/agentdex_observe/compose/langfuse.docker-compose.yml": [
      {
        "type": "Basic Auth Credentials",
        "filename": "packages/agentdex_observe/src/agentdex_observe/compose/langfuse.docker-compose.yml",
        "hashed_secret": "afc848c316af1a89d49826c5ae9d00ed769415f3",
        "is_verified": false,
        "line_number": 23
      }
    ],
    "skills-lock.json": [
      {
        "type": "Hex High Entropy String",
        "filename": "skills-lock.json",
        "hashed_secret": "b61fd4be354b371333da632d8a65094475202907",
        "is_verified": false,
        "line_number": 8
      }
    ],
    "tasks/nvidia-earnings-infographic/bundle.yaml": [
      {
        "type": "Hex High Entropy String",
        "filename": "tasks/nvidia-earnings-infographic/bundle.yaml",
        "hashed_secret": "85753a3afb6bb573c052816e404e1d7d8140c970",
        "is_verified": false,
        "line_number": 6
      }
    ]
  },
  "generated_at": "2026-06-09T05:09:23Z"
}
